// Jest Snapshot v1, https://goo.gl/fbAQLP

exports[`View renders correctly 1`] = `
<div
  id="container"
>
  <section
    id="cases"
  />
  <section
    id="content"
  >
    Submit form down below to add events
  </section>
  <form
    id="case-add"
    onSubmit={[Function]}
  >
    <h3
      id="form-title"
    >
      Submit event here
    </h3>
    <label
      htmlFor="title"
    >
      Title: 
    </label>
    <input
      id="title"
      name="title"
      onBlur={[Function]}
      onChange={[Function]}
      type="text"
      value=""
    />
    <label
      htmlFor="description"
    >
      Description: 
    </label>
    <textarea
      id="description"
      name="description"
      onBlur={[Function]}
      onChange={[Function]}
      rows={5}
      value=""
    />
    <label
      htmlFor="date"
    >
      Event Date: 
    </label>
    <input
      id="date"
      name="date"
      onBlur={[Function]}
      onChange={[Function]}
      type="date"
      value=""
    />
    <input
      className="submit-button"
      type="submit"
      value="Add Event"
    />
  </form>
</div>
`;
